-- The C compiler identification is GNU 13.1.0
-- The CXX compiler identification is GNU 13.1.0
-- Detecting C compiler ABI info
-- Detecting C compiler ABI info - done
-- Check for working C compiler: /usr/bin/cc - skipped
-- Detecting C compile features
-- Detecting C compile features - done
-- Detecting CXX compiler ABI info
-- Detecting CXX compiler ABI info - done
-- Check for working CXX compiler: /usr/bin/c++ - skipped
-- Detecting CXX compile features
-- Detecting CXX compile features - done
Katalog dla zbudowanego projektu: /tmp/tmpkpnr017a/student/zaj1Fraction/build
 + Znaleziono nagłówki: /tmp/tmpkpnr017a/student/zaj1Fraction/fraction.h
 + Znaleziono źródła: /tmp/tmpkpnr017a/student/zaj1Fraction/fraction.cpp;/tmp/tmpkpnr017a/student/zaj1Fraction/main.cpp
 + Znaleziono źródła bez main.cpp: /tmp/tmpkpnr017a/student/zaj1Fraction/fraction.cpp
	* valgrind found: /usr/bin/valgrind
-- Found Python: /tmp/tmpv5mqpnhf/teacher/test-venv/bin/python3 (found version "3.11.0") found components: Interpreter 
-- Looking for pthread.h
-- Looking for pthread.h - found
-- Performing Test CMAKE_HAVE_LIBC_PTHREAD
-- Performing Test CMAKE_HAVE_LIBC_PTHREAD - Success
-- Found Threads: TRUE  
 + Znaleziono pliki testów: /tmp/tmpkpnr017a/student/zaj1Fraction/tests/fractionTests.cpp
 + katalog nagłówków: 
-- Configuring done
-- Generating done
-- Build files have been written to: /tmp/tmpkpnr017a/student/zaj1Fraction/build
