/tmp/tmpkpnr017a/student/zaj1Fraction/fraction.cpp:30:0: warning: The function 'removedFractions' is never used. [unusedFunction]
int Fraction::removedFractions() { return removedFractions_; }
^
/tmp/tmpkpnr017a/student/zaj1Fraction/fraction.cpp:32:0: warning: The function 'getNumerator' is never used. [unusedFunction]
int Fraction::getNumerator() const { return numerator_; }
^
/tmp/tmpkpnr017a/student/zaj1Fraction/fraction.cpp:34:0: warning: The function 'setNumerator' is never used. [unusedFunction]
void Fraction::setNumerator(const int& numerator) { numerator_ = numerator; }
^
/tmp/tmpkpnr017a/student/zaj1Fraction/fraction.cpp:36:0: warning: The function 'getInvalidDenominatorValue' is never used. [unusedFunction]
int Fraction::getInvalidDenominatorValue() { return invalidDenominatorValue; }
^
/tmp/tmpkpnr017a/student/zaj1Fraction/fraction.cpp:38:0: warning: The function 'getDefaultDenominatorValue' is never used. [unusedFunction]
int Fraction::getDefaultDenominatorValue() { return defaultDenominatorValue; }
^
/tmp/tmpkpnr017a/student/zaj1Fraction/fraction.cpp:40:0: warning: The function 'getDenominator' is never used. [unusedFunction]
int Fraction::getDenominator() const { return denominator_; }
^
/tmp/tmpkpnr017a/student/zaj1Fraction/fraction.cpp:42:0: warning: The function 'setDenominator' is never used. [unusedFunction]
void Fraction::setDenominator(const int& denominator) {
^
/tmp/tmpkpnr017a/student/zaj1Fraction/fraction.cpp:46:0: warning: The function 'getFractionName' is never used. [unusedFunction]
string Fraction::getFractionName() const { return fractionName_; }
^
/tmp/tmpkpnr017a/student/zaj1Fraction/fraction.cpp:48:0: warning: The function 'print' is never used. [unusedFunction]
void Fraction::print() const {
^
/tmp/tmpkpnr017a/student/zaj1Fraction/fraction.cpp:52:0: warning: The function 'save' is never used. [unusedFunction]
void Fraction::save(ostream& os) const {
^
/tmp/tmpkpnr017a/student/zaj1Fraction/fraction.cpp:56:0: warning: The function 'load' is never used. [unusedFunction]
void Fraction::load(istream& is) {
^
